[sophiehustin.com/index.html]
[backblue.gif]
[fade.gif]
[index.html]
[sophiehustin.com/wp-content/themes/Sophiehustin/assets/images/facebook.png]
[sophiehustin.com/wp-content/themes/Sophiehustin/assets/images/twitter.jpg]
[sophiehustin.com/wp-content/themes/Sophiehustin/favicon.ico]
[sophiehustin.com/wp-content/themes/Sophiehustin/build/app.min.css]
[sophiehustin.com/wp-includes/css/dist/block-library/style.min0192.css]
[sophiehustin.com/wp-includes/css/classic-themes.min0192.css]
[sophiehustin.com/a-propos.html]
[sophiehustin.com/actualites.html]
[sophiehustin.com/contact.html]
[sophiehustin.com/peintures.html]
[sophiehustin.com/sculptures.html]
[sophiehustin.com/wp-content/uploads/2020/07/40x40.jpg]
[sophiehustin.com/wp-content/uploads/2021/04/amoureux-bois-ebene-copie.jpg]
[sophiehustin.com/wp-content/uploads/2020/07/The-little-voice-30x30-1.jpg]
[sophiehustin.com/wp-content/uploads/2020/07/the-key-98x70-copie.jpg]
[sophiehustin.com/wp-content/uploads/2020/07/open-your-eyes-116x81-1.jpg]
[sophiehustin.com/wp-content/uploads/2020/07/juliette-copie.jpg]
[sophiehustin.com/wp-content/uploads/2020/07/Insieme.jpg]
[sophiehustin.com/wp-content/uploads/2020/07/secret-meeting-80x80-1.jpg]
[sophiehustin.com/wp-content/uploads/2020/07/IMG_0467.jpg]
[sophiehustin.com/wp-content/uploads/2020/07/hearts-story-copie.jpg]
[sophiehustin.com/wp-content/uploads/2020/07/IMG_5546-copie.jpg]
[sophiehustin.com/wp-content/uploads/2020/07/IMG_5557-copie.jpg]
[sophiehustin.com/wp-content/uploads/2020/07/lespoir-ou-le-renouveau.jpg]
[sophiehustin.com/wp-content/uploads/2017/10/tableau-symbol-150x50-2400-2.jpg]
[sophiehustin.com/wp-content/uploads/2017/10/la-ville-et-la-fleur-150x50-2400.jpg]
[sophiehustin.com/wp-content/uploads/2017/10/il-était-des-fois-65x100-2000e.jpg]
[sophiehustin.com/wp-content/uploads/2017/10/champignon-50x50-700e.jpg]
[sophiehustin.com/wp-content/uploads/2017/10/chuuuuuuutt-30x30-500e.jpg]
[sophiehustin.com/wp-content/uploads/2017/09/mea-culpa-80x100-300dpi-low.jpg]
[sophiehustin.com/wp-content/uploads/2017/09/ma-terre-80x100-low.jpg]
[sophiehustin.com/wp-content/uploads/2020/07/IMG_9550-e1595592225307.jpg]
[sophiehustin.com/wp-content/uploads/2020/07/EDF8BDDD-38A4-4AB7-8B37-D3949198E548.jpg]
[sophiehustin.com/wp-content/uploads/2020/07/avanti.jpg]
[sophiehustin.com/wp-content/uploads/2020/07/work-in-progress.jpg]
[sophiehustin.com/wp-content/uploads/2020/07/IMG_9331-scaled.jpg]
[sophiehustin.com/wp-content/uploads/2020/07/IMG_9129.jpg]
[sophiehustin.com/wp-content/uploads/2020/07/IMG_9151.jpg]
[sophiehustin.com/wp-content/uploads/2020/07/IMG_9149.jpg]
[sophiehustin.com/wp-content/uploads/2020/07/bienveillance.jpg]
[sophiehustin.com/wp-content/uploads/2020/07/Pret-à-....jpg]
[sophiehustin.com/wp-content/uploads/2020/07/ENTREDEUX.jpg]
[sophiehustin.com/wp-content/uploads/2020/07/IMG_9069.jpg]
[sophiehustin.com/wp-content/uploads/2020/07/Et-alors.jpg]
[sophiehustin.com/wp-content/uploads/2020/07/IMG_E6984-scaled.jpg]
[sophiehustin.com/wp-content/uploads/2020/07/LES-FAISEURS-DE-COEUR.jpg]
[sophiehustin.com/wp-content/uploads/2020/07/terre-4-copie.jpg]
[sophiehustin.com/wp-content/uploads/2020/07/READY.jpg]
[sophiehustin.com/wp-content/uploads/2020/07/Lets-go.jpg]
[sophiehustin.com/index.html]
[sophiehustin.com/wp-content/themes/Sophiehustin/build/app.min.js]
[sophiehustin.com/wp-content/themes/Sophiehustin/assets/fonts/portrait-light-webfont.eot]
[sophiehustin.com/wp-content/themes/Sophiehustin/assets/fonts/portrait-light-webfontd41d.eot]
[sophiehustin.com/wp-content/themes/Sophiehustin/assets/fonts/portrait-light-webfont.woff]
[sophiehustin.com/wp-content/themes/Sophiehustin/assets/fonts/apercu-light-webfont.eot]
[sophiehustin.com/wp-content/themes/Sophiehustin/assets/fonts/apercu-light-webfontd41d.eot]
[sophiehustin.com/wp-content/themes/Sophiehustin/assets/fonts/apercu-light-webfont.woff]
[sophiehustin.com/wp-content/themes/Sophiehustin/assets/images/stack/peint12.jpg]
[sophiehustin.com/wp-content/themes/Sophiehustin/assets/images/stack/peint16.jpg]
[sophiehustin.com/wp-content/themes/Sophiehustin/assets/images/stack/scult1.jpg]
[sophiehustin.com/wp-content/themes/Sophiehustin/assets/images/stack/scult10.jpg]
[sophiehustin.com/wp-content/themes/Sophiehustin/build/app.min.css]
[sophiehustin.com/wp-includes/css/dist/block-library/style.min0192.css]
[sophiehustin.com/wp-includes/css/classic-themes.min0192.css]
[sophiehustin.com/a-propos.html]
[sophiehustin.com/actualites.html]
[sophiehustin.com/contact.html]
[sophiehustin.com/peintures/sans-t-2.html]
[sophiehustin.com/peintures/the-little-voice.html]
[sophiehustin.com/peintures/open-your-eyes-open-your-heart-open-your-mind.html]
[sophiehustin.com/peintures/insieme.html]
[sophiehustin.com/peintures/secret-meeting.html]
[sophiehustin.com/peintures/bad-mood.html]
[sophiehustin.com/peintures/hearts-story.html]
[sophiehustin.com/peintures/i-was-putting-my-heart-aside.html]
[sophiehustin.com/peintures/such-a-trivial-story.html]
[sophiehustin.com/peintures/lespoir-ou-le-renouveau.html]
[sophiehustin.com/peintures/toute-une-histoire.html]
[sophiehustin.com/peintures/la-ville-et-la-fleur.html]
[sophiehustin.com/peintures/519.html]
[sophiehustin.com/peintures/boum.html]
[sophiehustin.com/peintures/chuuut.html]
[sophiehustin.com/peintures/mea-culpa.html]
[sophiehustin.com/peintures/ma-terre.html]
[sophiehustin.com/peintures/la-fuite.html]
[sophiehustin.com/wp-content/uploads/2017/09/la-fuite-27x41-low.jpg]
[sophiehustin.com/peintures/une-fleur.html]
[sophiehustin.com/wp-content/uploads/2017/09/une-fleur-80x100-low.jpg]
[sophiehustin.com/peintures/lhomme-et-lhorizon.html]
[sophiehustin.com/wp-content/uploads/2017/09/Lhomme-et-lhorizon-20x60.jpg]
[sophiehustin.com/peintures/mon-coeur-est.html]
[sophiehustin.com/wp-content/uploads/2017/09/Mon-coeur-est-20x20-low.jpg]
[sophiehustin.com/peintures/le-reveur.html]
[sophiehustin.com/wp-content/uploads/2017/09/Le-reveur-30x30-low.jpg]
[sophiehustin.com/peintures/ne-t-eloignes-pas-trop.html]
[sophiehustin.com/wp-content/uploads/2017/09/Ne-teloigne-pas-trop-116x73.jpg]
[sophiehustin.com/peintures/comment-est-lhorizon.html]
[sophiehustin.com/wp-content/uploads/2017/09/comment-est-lhorizon-100x100-low.jpg]
[sophiehustin.com/peintures/y-aurait-il-une-suite.html]
[sophiehustin.com/wp-content/uploads/2017/09/y-aurait-il-une-suite-100x73-300dpi-2.jpg]
[sophiehustin.com/peintures/sans-titre-2.html]
[sophiehustin.com/wp-content/uploads/2017/09/50x50-300dpi.jpg]
[sophiehustin.com/peintures/chaos.html]
[sophiehustin.com/wp-content/uploads/2017/07/4-chaos-150x150-e1504625131236-low.jpg]
[sophiehustin.com/peintures/reparation.html]
[sophiehustin.com/wp-content/uploads/2017/09/reparation-50x50-300dpi.jpg]
[sophiehustin.com/peintures/reparation-2.html]
[sophiehustin.com/wp-content/uploads/2017/09/reparation-3-50x50.jpg]
[sophiehustin.com/peintures.html]
[sophiehustin.com/sculptures/lovers.html]
[sophiehustin.com/sculptures/detail-stay-home.html]
[sophiehustin.com/sculptures/exposition-covid-art-monaco.html]
[sophiehustin.com/sculptures/avanti.html]
[sophiehustin.com/sculptures/work-in-progress.html]
[sophiehustin.com/sculptures/stay-home.html]
[sophiehustin.com/sculptures/serie-cocon-3.html]
[sophiehustin.com/sculptures/serie-cocon-2.html]
[sophiehustin.com/sculptures/serie-cocon.html]
[sophiehustin.com/sculptures/bienveillance.html]
[sophiehustin.com/sculptures/pret-a.html]
[sophiehustin.com/sculptures/entre-deux-deux-artistes-michael-chauvel-et-sophie-hustin.html]
[sophiehustin.com/sculptures/pardon.html]
[sophiehustin.com/sculptures/et-alors.html]
[sophiehustin.com/sculptures/lechelle.html]
[sophiehustin.com/sculptures/les-faiseurs-de-coeurs.html]
[sophiehustin.com/sculptures/630.html]
[sophiehustin.com/sculptures/ready.html]
[sophiehustin.com/sculptures/en-voyage.html]
[sophiehustin.com/sculptures/la-sieste-49-5cm.html]
[sophiehustin.com/wp-content/uploads/2017/12/2-la-sieste-49.5cm-900euros.jpg]
[sophiehustin.com/sculptures/jai-laisse-un-peu-de-moi-quelque-part-164-5cm.html]
[sophiehustin.com/wp-content/uploads/2017/12/jai-laisse-un-peu-de-moi-qq-part-164.5cm-2200-euros.jpg]
[sophiehustin.com/sculptures/on-est-bien-51-5cm.html]
[sophiehustin.com/wp-content/uploads/2017/12/on-est-bien-51.5cm-1750-euros.jpg]
[sophiehustin.com/sculptures/38cm.html]
[sophiehustin.com/wp-content/uploads/2017/12/3-par-dessus-38cm-900euros.jpg]
[sophiehustin.com/sculptures/63cm.html]
[sophiehustin.com/wp-content/uploads/2017/12/1-63cm-950-euros.jpg]
[sophiehustin.com/sculptures/51cm.html]
[sophiehustin.com/wp-content/uploads/2017/12/4-tiens-bon-51cm-950-euros.jpg]
[sophiehustin.com/sculptures/en-rang-37-5cm.html]
[sophiehustin.com/wp-content/uploads/2017/12/6-en-rang-37.5cm-1500euros.jpg]
[sophiehustin.com/sculptures/la-traversee-31cm.html]
[sophiehustin.com/wp-content/uploads/2017/12/11-la-traversée-31cm-900euros.jpg]
[sophiehustin.com/sculptures/voyage-45cm.html]
[sophiehustin.com/wp-content/uploads/2017/12/12-voyage-1-45-cm-1000-euros.jpg]
[sophiehustin.com/sculptures/en-famille.html]
[sophiehustin.com/wp-content/uploads/2017/12/10-une-famille.jpg]
[sophiehustin.com/sculptures.html]
[sophiehustin.com/wp-content/themes/Sophiehustin/assets/fonts/portrait-light-webfont.html]
[sophiehustin.com/wp-content/themes/Sophiehustin/assets/fonts/apercu-light-webfont.html]
[sophiehustin.com/indexc885.html]
[sophiehustin.com/indexbbbf.html]
[sophiehustin.com/index6c15.html]
[sophiehustin.com/peintures/feed]
[sophiehustin.com/peintures/feed/index.html]
[sophiehustin.com/peintures/sans-t-2.html]
[sophiehustin.com/peintures/the-little-voice.html]
[sophiehustin.com/peintures/the-key.html]
[sophiehustin.com/peintures/open-your-eyes-open-your-heart-open-your-mind.html]
[sophiehustin.com/peintures/insieme.html]
[sophiehustin.com/peintures/secret-meeting.html]
[sophiehustin.com/peintures/sans-t.html]
[sophiehustin.com/peintures/bad-mood.html]
[sophiehustin.com/peintures/hearts-story.html]
[sophiehustin.com/peintures/i-was-putting-my-heart-aside.html]
[sophiehustin.com/peintures/such-a-trivial-story.html]
[sophiehustin.com/peintures/lespoir-ou-le-renouveau.html]
[sophiehustin.com/peintures/toute-une-histoire.html]
[sophiehustin.com/peintures/la-ville-et-la-fleur.html]
[sophiehustin.com/peintures/519.html]
[sophiehustin.com/peintures/boum.html]
[sophiehustin.com/peintures/chuuut.html]
[sophiehustin.com/wp-content/uploads/2017/09/mea-culpa-80x100-300dpi.jpg]
[sophiehustin.com/peintures/mea-culpa.html]
[sophiehustin.com/wp-content/uploads/2017/09/ma-terre-80x100.jpg]
[sophiehustin.com/peintures/ma-terre.html]
[sophiehustin.com/wp-content/uploads/2017/09/la-fuite-27x41.jpg]
[sophiehustin.com/peintures/la-fuite.html]
[sophiehustin.com/wp-content/uploads/2017/09/une-fleur-80x100.jpg]
[sophiehustin.com/peintures/une-fleur.html]
[sophiehustin.com/peintures/lhomme-et-lhorizon.html]
[sophiehustin.com/wp-content/uploads/2017/09/Mon-coeur-est-20x20.jpg]
[sophiehustin.com/peintures/mon-coeur-est.html]
[sophiehustin.com/wp-content/uploads/2017/09/Le-reveur-30x30.jpg]
[sophiehustin.com/peintures/le-reveur.html]
[sophiehustin.com/wp-content/uploads/2017/08/Ne-teloigne-pas-trop-116x73.jpg]
[sophiehustin.com/peintures/ne-t-eloignes-pas-trop.html]
[sophiehustin.com/wp-content/uploads/2017/08/comment-est-lhorizon-100x100.jpg]
[sophiehustin.com/peintures/comment-est-lhorizon.html]
[sophiehustin.com/peintures/y-aurait-il-une-suite.html]
[sophiehustin.com/peintures/sans-titre-2.html]
[sophiehustin.com/wp-content/uploads/2017/09/4-chaos-150x150-e1504625131236.jpg]
[sophiehustin.com/peintures/chaos.html]
[sophiehustin.com/peintures/reparation.html]
[sophiehustin.com/peintures/reparation-2.html]
[sophiehustin.com/peintures/constat.html]
[sophiehustin.com/sculptures/feed]
[sophiehustin.com/sculptures/feed/index.html]
[sophiehustin.com/wp-content/uploads/2021/04/amoureux-bois-ebene-e1617813697210.jpeg]
[sophiehustin.com/sculptures/lovers.html]
[sophiehustin.com/sculptures/detail-stay-home.html]
[sophiehustin.com/sculptures/exposition-covid-art-monaco.html]
[sophiehustin.com/sculptures/avanti.html]
[sophiehustin.com/sculptures/work-in-progress.html]
[sophiehustin.com/sculptures/stay-home.html]
[sophiehustin.com/sculptures/serie-cocon-3.html]
[sophiehustin.com/sculptures/serie-cocon-2.html]
[sophiehustin.com/sculptures/serie-cocon.html]
[sophiehustin.com/sculptures/bienveillance.html]
[sophiehustin.com/sculptures/pret-a.html]
[sophiehustin.com/sculptures/entre-deux-deux-artistes-michael-chauvel-et-sophie-hustin.html]
[sophiehustin.com/sculptures/pardon.html]
[sophiehustin.com/sculptures/et-alors.html]
[sophiehustin.com/sculptures/lechelle.html]
[sophiehustin.com/sculptures/les-faiseurs-de-coeurs.html]
[sophiehustin.com/sculptures/630.html]
[sophiehustin.com/sculptures/ready.html]
[sophiehustin.com/sculptures/en-voyage.html]
[sophiehustin.com/sculptures/la-sieste-49-5cm.html]
[sophiehustin.com/sculptures/jai-laisse-un-peu-de-moi-quelque-part-164-5cm.html]
[sophiehustin.com/sculptures/on-est-bien-51-5cm.html]
[sophiehustin.com/sculptures/38cm.html]
[sophiehustin.com/sculptures/63cm.html]
[sophiehustin.com/sculptures/51cm.html]
[sophiehustin.com/sculptures/en-rang-37-5cm.html]
[sophiehustin.com/sculptures/la-traversee-31cm.html]
[sophiehustin.com/sculptures/voyage-45cm.html]
[sophiehustin.com/sculptures/en-famille.html]
[sophiehustin.com/peintures/feed]
[sophiehustin.com/index5c49.html]
[sophiehustin.com/index8372.html]
[sophiehustin.com/peintures/the-key.html]
[sophiehustin.com/index08c1.html]
[sophiehustin.com/peintures/sans-t.html]
[sophiehustin.com/indexb702.html]
[sophiehustin.com/index7aeb.html]
[sophiehustin.com/indexbdc9.html]
[sophiehustin.com/index424e.html]
[sophiehustin.com/indexa351.html]
[sophiehustin.com/index4808.html]
[sophiehustin.com/index4f61.html]
[sophiehustin.com/index7dad.html]
[sophiehustin.com/index1b7d.html]
[sophiehustin.com/indexcc08.html]
[sophiehustin.com/index728e.html]
[sophiehustin.com/indexcaae.html]
[sophiehustin.com/index8c8c.html]
[sophiehustin.com/index3f97.html]
[sophiehustin.com/index802e.html]
[sophiehustin.com/index60bd.html]
[sophiehustin.com/indexe8d3.html]
[sophiehustin.com/indexa7ab.html]
[sophiehustin.com/index9f0a.html]
[sophiehustin.com/indexd1c3.html]
[sophiehustin.com/indexba1b.html]
[sophiehustin.com/index7aa0.html]
[sophiehustin.com/index481e.html]
[sophiehustin.com/index76f0.html]
[sophiehustin.com/index4c85.html]
[sophiehustin.com/indexcaf0.html]
[sophiehustin.com/sculptures/19cm.html]
[sophiehustin.com/wp-content/uploads/2017/09/constat-2-50x50-300dpi.jpg]
[sophiehustin.com/peintures/constat.html]
[sophiehustin.com/sculptures/feed]
[sophiehustin.com/indexc089.html]
[sophiehustin.com/indexb1f0.html]
[sophiehustin.com/index2553.html]
[sophiehustin.com/indexef11.html]
[sophiehustin.com/indexa818.html]
[sophiehustin.com/index5d49.html]
[sophiehustin.com/index47dc.html]
[sophiehustin.com/indexa26f.html]
[sophiehustin.com/indexf034.html]
[sophiehustin.com/index7b0e.html]
[sophiehustin.com/index0ae0.html]
[sophiehustin.com/index6087.html]
[sophiehustin.com/index8bcd.html]
[sophiehustin.com/indexc725.html]
[sophiehustin.com/index6ade.html]
[sophiehustin.com/indexa123.html]
[sophiehustin.com/indexa1c1.html]
[sophiehustin.com/indexe703.html]
[sophiehustin.com/indexab36.html]
[sophiehustin.com/index04f2.html]
[sophiehustin.com/index03c9.html]
[sophiehustin.com/indexf652.html]
[sophiehustin.com/index4e57.html]
[sophiehustin.com/index46ad.html]
[sophiehustin.com/index45ff.html]
[sophiehustin.com/index193e.html]
[sophiehustin.com/indexc9d1.html]
[sophiehustin.com/indexa215.html]
[sophiehustin.com/index960c.html]
[sophiehustin.com/peintures/plantee-la.html]
[sophiehustin.com/wp-content/uploads/2017/12/19-cm-600-euros.jpg]
[sophiehustin.com/sculptures/19cm.html]
[sophiehustin.com/index2f7a.html]
[sophiehustin.com/index44fb.html]
[sophiehustin.com/indexca25.html]
[sophiehustin.com/sculptures/dodo-17cm.html]
[sophiehustin.com/wp-content/uploads/2017/09/7-plantée-là-50x150.jpg]
[sophiehustin.com/peintures/plantee-la.html]
[sophiehustin.com/index0971.html]
[sophiehustin.com/peintures/plante-la.html]
[sophiehustin.com/wp-content/uploads/2017/12/dodo-17cm-400euros.jpg]
[sophiehustin.com/sculptures/dodo-17cm.html]
[sophiehustin.com/index12d0.html]
[sophiehustin.com/sculptures/17cm.html]
[sophiehustin.com/wp-content/uploads/2017/09/6-planté-là-50x150.jpg]
[sophiehustin.com/peintures/plante-la.html]
[sophiehustin.com/indexa7b7.html]
[sophiehustin.com/peintures/nos-liens-1.html]
[sophiehustin.com/wp-content/uploads/2017/12/bb-17cm.jpg]
[sophiehustin.com/sculptures/17cm.html]
[sophiehustin.com/index55d4.html]
[sophiehustin.com/sculptures/32cm.html]
[sophiehustin.com/wp-content/uploads/2017/09/nos-liens-100x100-2.jpg]
[sophiehustin.com/peintures/nos-liens-1.html]
[sophiehustin.com/index5195.html]
[sophiehustin.com/peintures/nos-liens-2.html]
[sophiehustin.com/wp-content/uploads/2017/12/32cm.jpg]
[sophiehustin.com/sculptures/32cm.html]
[sophiehustin.com/indexbc6e.html]
[sophiehustin.com/sculptures/h23cm.html]
[sophiehustin.com/peintures/nos-liens-2.html]
[sophiehustin.com/index46de.html]
[sophiehustin.com/peintures/nos-liens-3.html]
[sophiehustin.com/wp-content/uploads/2017/12/23cm.jpg]
[sophiehustin.com/sculptures/h23cm.html]
[sophiehustin.com/index8fec.html]
[sophiehustin.com/sculptures/jy-retourne.html]
[sophiehustin.com/wp-content/uploads/2017/09/1-nos-liens-3-80x80.jpg]
[sophiehustin.com/peintures/nos-liens-3.html]
[sophiehustin.com/index7414.html]
[sophiehustin.com/peintures/nos-liens-4.html]
[sophiehustin.com/wp-content/uploads/2017/09/jy-retourne.jpg]
[sophiehustin.com/sculptures/jy-retourne.html]
[sophiehustin.com/indexec81.html]
[sophiehustin.com/sculptures/sans-titre-2.html]
[sophiehustin.com/wp-content/uploads/2017/09/2-nos-liens-4-80x80.jpg]
[sophiehustin.com/peintures/nos-liens-4.html]
[sophiehustin.com/index2905.html]
[sophiehustin.com/peintures/rideau.html]
[sophiehustin.com/wp-content/uploads/2017/09/bronze-H14-L30-300.jpg]
[sophiehustin.com/sculptures/sans-titre-2.html]
[sophiehustin.com/index17f1.html]
[sophiehustin.com/sculptures/masque-soleil.html]
[sophiehustin.com/wp-content/uploads/2017/09/5-RIDEAU-80x100-2017.jpg]
[sophiehustin.com/peintures/rideau.html]
[sophiehustin.com/indexdf01.html]
[sophiehustin.com/peintures/parques.html]
[sophiehustin.com/wp-content/uploads/2017/09/masque-soleil-300.jpg]
[sophiehustin.com/sculptures/masque-soleil.html]
[sophiehustin.com/index6150.html]
[sophiehustin.com/sculptures/serie-attitudes.html]
[sophiehustin.com/wp-content/uploads/2017/09/PARQUES-100X70-300.jpg]
[sophiehustin.com/peintures/parques.html]
[sophiehustin.com/indexfcc0.html]
[sophiehustin.com/peintures/migration.html]
[sophiehustin.com/wp-content/uploads/2017/09/serie-attitudes-1.jpg]
[sophiehustin.com/sculptures/serie-attitudes.html]
[sophiehustin.com/index47c4.html]
[sophiehustin.com/sculptures/serie-bord-de-mer.html]
[sophiehustin.com/wp-content/uploads/2017/09/migration-80x100.jpg]
[sophiehustin.com/peintures/migration.html]
[sophiehustin.com/index14c7.html]
[sophiehustin.com/peintures/les-28.html]
[sophiehustin.com/wp-content/uploads/2017/09/serie-bord-de-mer-300.jpg]
[sophiehustin.com/sculptures/serie-bord-de-mer.html]
[sophiehustin.com/indexb247.html]
[sophiehustin.com/sculptures/duetto.html]
[sophiehustin.com/wp-content/uploads/2017/09/les-28.jpg]
[sophiehustin.com/peintures/les-28.html]
[sophiehustin.com/index4c66.html]
[sophiehustin.com/peintures/sans-titre.html]
[sophiehustin.com/wp-content/uploads/2017/09/1-bronze-DUETTO-168CM-300.jpg]
[sophiehustin.com/sculptures/duetto.html]
[sophiehustin.com/index71fc.html]
[sophiehustin.com/sculptures/confiante.html]
[sophiehustin.com/wp-content/uploads/2017/09/sans-titre-100x73-300DPI-2.jpg]
[sophiehustin.com/peintures/sans-titre.html]
[sophiehustin.com/indexa260.html]
[sophiehustin.com/peintures/decouvrir.html]
[sophiehustin.com/wp-content/uploads/2017/09/2-bronze-CONFIANTE-169cm-300.jpg]
[sophiehustin.com/sculptures/confiante.html]
[sophiehustin.com/indexd06c.html]
[sophiehustin.com/sculptures/posee.html]
[sophiehustin.com/wp-content/uploads/2017/09/7-découvrir-89x116-300dpi-2.jpg]
[sophiehustin.com/peintures/decouvrir.html]
[sophiehustin.com/indexd526.html]
[sophiehustin.com/peintures/souvenir.html]
[sophiehustin.com/wp-content/uploads/2017/09/3-bronze-POSEE-158-300.jpg]
[sophiehustin.com/sculptures/posee.html]
[sophiehustin.com/indexf604.html]
[sophiehustin.com/sculptures/en-devenir.html]
[sophiehustin.com/wp-content/uploads/2017/09/SOUVENIR-2-162X130.jpg]
[sophiehustin.com/peintures/souvenir.html]
[sophiehustin.com/indexb3e1.html]
[sophiehustin.com/peintures/sans-issue.html]
[sophiehustin.com/wp-content/uploads/2017/09/6-bronze-EN-DEVENIR-1-160CM-300.jpg]
[sophiehustin.com/sculptures/en-devenir.html]
[sophiehustin.com/index221f.html]
[sophiehustin.com/sculptures/devenir-2.html]
[sophiehustin.com/wp-content/uploads/2017/09/sans-issue-97x130-dpi.jpg]
[sophiehustin.com/peintures/sans-issue.html]
[sophiehustin.com/indexf7f8.html]
[sophiehustin.com/peintures/moment.html]
[sophiehustin.com/wp-content/uploads/2017/09/7-bronze-EN-DEVENIR-2-170.5cm-300.jpg]
[sophiehustin.com/sculptures/devenir-2.html]
[sophiehustin.com/indexc518.html]
[sophiehustin.com/sculptures/depouille-2.html]
[sophiehustin.com/wp-content/uploads/2017/09/moment-97x130.jpg]
[sophiehustin.com/peintures/moment.html]
[sophiehustin.com/index9e38.html]
[sophiehustin.com/peintures/les-veilleurs.html]
[sophiehustin.com/wp-content/uploads/2017/09/5-bronze-DEPOUILLE-2-153CM-300.jpg]
[sophiehustin.com/sculptures/depouille-2.html]
[sophiehustin.com/index4bd3.html]
[sophiehustin.com/sculptures/depouille-1.html]
[sophiehustin.com/wp-content/uploads/2017/09/LES-VEILLEURS-195x130.jpg]
[sophiehustin.com/peintures/les-veilleurs.html]
[sophiehustin.com/index6353.html]
[sophiehustin.com/peintures/moutons-en-cape.html]
[sophiehustin.com/wp-content/uploads/2017/09/4-bronze-DEPOUILLE-1-150-300.jpg]
[sophiehustin.com/sculptures/depouille-1.html]
[sophiehustin.com/indexf47a.html]
[sophiehustin.com/sculptures/fiere.html]
[sophiehustin.com/wp-content/uploads/2017/09/moutons-en-cape-130x97.jpg]
[sophiehustin.com/peintures/moutons-en-cape.html]
[sophiehustin.com/indexb47e.html]
[sophiehustin.com/peintures/il-est-temps.html]
[sophiehustin.com/wp-content/uploads/2017/09/FIERE-167cm-300.jpg]
[sophiehustin.com/sculptures/fiere.html]
[sophiehustin.com/indexeffc.html]
[sophiehustin.com/sculptures/senfermer.html]
[sophiehustin.com/wp-content/uploads/2017/09/11-il-est-temps-116X81.jpg]
[sophiehustin.com/peintures/il-est-temps.html]
[sophiehustin.com/indexc79d.html]
[sophiehustin.com/peintures/suspendus.html]
[sophiehustin.com/wp-content/uploads/2017/09/SENFERMER-176cm-300.jpg]
[sophiehustin.com/sculptures/senfermer.html]
[sophiehustin.com/index4ef8.html]
[sophiehustin.com/sculptures/sentraver.html]
[sophiehustin.com/wp-content/uploads/2017/09/12-SUSPENDUS-120X120.jpg]
[sophiehustin.com/peintures/suspendus.html]
[sophiehustin.com/index42fe.html]
[sophiehustin.com/peintures/hommage.html]
[sophiehustin.com/wp-content/uploads/2017/09/sentraver-300dpi.jpg]
[sophiehustin.com/sculptures/sentraver.html]
[sophiehustin.com/index1031.html]
[sophiehustin.com/sculptures/la-roue-tourne.html]
[sophiehustin.com/wp-content/uploads/2017/09/1-7-janvier-2015-150x150-dpi.jpg]
[sophiehustin.com/peintures/hommage.html]
[sophiehustin.com/indexe0b1.html]
[sophiehustin.com/peintures/charlie-1.html]
[sophiehustin.com/wp-content/uploads/2017/08/IMG_4113.jpg]
[sophiehustin.com/sculptures/la-roue-tourne.html]
[sophiehustin.com/index8844.html]
[sophiehustin.com/sculptures/tout-un-roman.html]
[sophiehustin.com/wp-content/uploads/2017/09/2-CHARLIE-60X60.jpg]
[sophiehustin.com/peintures/charlie-1.html]
[sophiehustin.com/index5721.html]
[sophiehustin.com/peintures/charlie-2.html]
[sophiehustin.com/wp-content/uploads/2017/09/TOUT-UN-ROMAN-Bronze-H202.jpg]
[sophiehustin.com/sculptures/tout-un-roman.html]
[sophiehustin.com/index2e31.html]
[sophiehustin.com/sculptures/sage-detail.html]
[sophiehustin.com/wp-content/uploads/2017/09/3-CHARLIE-2-60X60.jpg]
[sophiehustin.com/peintures/charlie-2.html]
[sophiehustin.com/index6905.html]
[sophiehustin.com/peintures/en-boite.html]
[sophiehustin.com/wp-content/uploads/2017/09/sage-détail-2-e1505039727412.jpg]
[sophiehustin.com/sculptures/sage-detail.html]
[sophiehustin.com/indexf454.html]
[sophiehustin.com/sculptures/proches.html]
[sophiehustin.com/wp-content/uploads/2017/09/en-boite-89x116.jpg]
[sophiehustin.com/peintures/en-boite.html]
[sophiehustin.com/index2023.html]
[sophiehustin.com/peintures/la-roue-tourne-2.html]
[sophiehustin.com/wp-content/uploads/2017/09/proches-300dpi.jpg]
[sophiehustin.com/sculptures/proches.html]
[sophiehustin.com/indexf167.html]
[sophiehustin.com/sculptures/dans-le-vent.html]
[sophiehustin.com/wp-content/uploads/2017/09/4-la-roue-tourne-2-100x100-dpi.jpg]
[sophiehustin.com/peintures/la-roue-tourne-2.html]
[sophiehustin.com/indexecc4.html]
[sophiehustin.com/peintures/la-roue-tourne-1.html]
[sophiehustin.com/wp-content/uploads/2017/09/IMG_3181-e1505042003831.jpg]
[sophiehustin.com/sculptures/dans-le-vent.html]
[sophiehustin.com/index4720.html]
[sophiehustin.com/sculptures/la-haut.html]
[sophiehustin.com/wp-content/uploads/2017/09/3-la-roue-tourne-1-100x100.jpg]
[sophiehustin.com/peintures/la-roue-tourne-1.html]
[sophiehustin.com/indexbdc5.html]
[sophiehustin.com/peintures/la-sieste-ou-le-cocon.html]
[sophiehustin.com/wp-content/uploads/2017/09/7-la-haut-H169.jpg]
[sophiehustin.com/sculptures/la-haut.html]
[sophiehustin.com/index52e8.html]
[sophiehustin.com/sculptures/complices-detail.html]
[sophiehustin.com/wp-content/uploads/2017/09/5-la-sieste-2-100x100.jpg]
[sophiehustin.com/peintures/la-sieste-ou-le-cocon.html]
[sophiehustin.com/indexc7ce.html]
[sophiehustin.com/peintures/la-sieste-4.html]
[sophiehustin.com/wp-content/uploads/2017/09/complices-details-154cm.jpg]
[sophiehustin.com/sculptures/complices-detail.html]
[sophiehustin.com/indexe2aa.html]
[sophiehustin.com/sculptures/la-belle.html]
[sophiehustin.com/wp-content/uploads/2017/09/6-LA-SIESTE-4-65X81.jpg]
[sophiehustin.com/peintures/la-sieste-4.html]
[sophiehustin.com/index007a.html]
[sophiehustin.com/peintures/la-sieste-3.html]
[sophiehustin.com/wp-content/uploads/2017/09/LA-BELLE-H166.jpg]
[sophiehustin.com/sculptures/la-belle.html]
[sophiehustin.com/index65a9.html]
[sophiehustin.com/sculptures/a-lecoute.html]
[sophiehustin.com/wp-content/uploads/2017/09/6-la-sieste-3-50x100.jpg]
[sophiehustin.com/peintures/la-sieste-3.html]
[sophiehustin.com/index9d87.html]
[sophiehustin.com/peintures/la-sieste.html]
[sophiehustin.com/wp-content/uploads/2017/09/4-DETAIL-à-lécoute.jpg]
[sophiehustin.com/sculptures/a-lecoute.html]
[sophiehustin.com/index07ee.html]
[sophiehustin.com/sculptures/sans-titre.html]
[sophiehustin.com/wp-content/uploads/2017/09/4-LA-SIESTE-81x60-dpi.jpg]
[sophiehustin.com/peintures/la-sieste.html]
[sophiehustin.com/index17d3.html]
[sophiehustin.com/peintures/miss-u.html]
[sophiehustin.com/wp-content/uploads/2017/09/SCULPTURE-BOULE.jpg]
[sophiehustin.com/sculptures/sans-titre.html]
[sophiehustin.com/index2af5.html]
[sophiehustin.com/sculptures/oops.html]
[sophiehustin.com/wp-content/uploads/2017/09/23-miss-U-1-73x116.jpg]
[sophiehustin.com/peintures/miss-u.html]
[sophiehustin.com/index1263.html]
[sophiehustin.com/peintures/leffort.html]
[sophiehustin.com/wp-content/uploads/2017/09/oops-detail-144cm.jpg]
[sophiehustin.com/sculptures/oops.html]
[sophiehustin.com/index1d24.html]
[sophiehustin.com/sculptures/ma-terre.html]
[sophiehustin.com/wp-content/uploads/2017/09/22-leffort-116x81.jpg]
[sophiehustin.com/peintures/leffort.html]
[sophiehustin.com/index5750.html]
[sophiehustin.com/peintures/construction.html]
[sophiehustin.com/wp-content/uploads/2017/09/5-ma-terre-3.jpg]
[sophiehustin.com/sculptures/ma-terre.html]
[sophiehustin.com/index5c97.html]
[sophiehustin.com/sculptures/laissez-moi-reflechir.html]
[sophiehustin.com/wp-content/uploads/2017/09/21-construction-73x116.jpg]
[sophiehustin.com/peintures/construction.html]
[sophiehustin.com/index0ed6.html]
[sophiehustin.com/peintures/projet.html]
[sophiehustin.com/wp-content/uploads/2017/09/laissez-moi-reflechir-265cm.jpg]
[sophiehustin.com/sculptures/laissez-moi-reflechir.html]
[sophiehustin.com/index5b31.html]
[sophiehustin.com/sculptures/boulimique.html]
[sophiehustin.com/wp-content/uploads/2017/09/24-projet-116x81.jpg]
[sophiehustin.com/peintures/projet.html]
[sophiehustin.com/index6205.html]
[sophiehustin.com/peintures/reve-2.html]
[sophiehustin.com/wp-content/uploads/2017/09/totem-livre.jpg]
[sophiehustin.com/sculptures/boulimique.html]
[sophiehustin.com/index7b2c.html]
[sophiehustin.com/sculptures/cest-haut.html]
[sophiehustin.com/wp-content/uploads/2017/09/22-RËVE-81X60.jpg]
[sophiehustin.com/peintures/reve-2.html]
[sophiehustin.com/index43fc.html]
[sophiehustin.com/peintures/reve.html]
[sophiehustin.com/wp-content/uploads/2017/09/tranquille.jpg]
[sophiehustin.com/sculptures/cest-haut.html]
[sophiehustin.com/indexa8da.html]
[sophiehustin.com/sculptures/lunion.html]
[sophiehustin.com/wp-content/uploads/2017/09/21-REVE-3-65X81.jpg]
[sophiehustin.com/peintures/reve.html]
[sophiehustin.com/index2202.html]
[sophiehustin.com/peintures/au-bout.html]
[sophiehustin.com/wp-content/uploads/2017/09/lunionH22L40P11.jpg]
[sophiehustin.com/sculptures/lunion.html]
[sophiehustin.com/index90dd.html]
[sophiehustin.com/sculptures/souvenir.html]
[sophiehustin.com/wp-content/uploads/2017/09/18-au-bout-81X60.jpg]
[sophiehustin.com/peintures/au-bout.html]
[sophiehustin.com/index40e6.html]
[sophiehustin.com/peintures/que-de-passage.html]
[sophiehustin.com/wp-content/uploads/2017/09/sohja16-SOUVENIR-140x25.jpg]
[sophiehustin.com/sculptures/souvenir.html]
[sophiehustin.com/index1641.html]
[sophiehustin.com/sculptures/reflexion.html]
[sophiehustin.com/wp-content/uploads/2017/07/QUE-DE-PASSAGE-2-81X60.jpg]
[sophiehustin.com/peintures/que-de-passage.html]
[sophiehustin.com/indexd8bc.html]
[sophiehustin.com/peintures/et-maintenant-quest-ce-quon-fait.html]
[sophiehustin.com/wp-content/uploads/2017/09/sculpture-détail-reflexion-138x25.jpg]
[sophiehustin.com/sculptures/reflexion.html]
[sophiehustin.com/indexd251.html]
[sophiehustin.com/sculptures/le-choix.html]
[sophiehustin.com/wp-content/uploads/2017/09/et-maintenant-quest-ce-quon-fait-soh.jpg]
[sophiehustin.com/peintures/et-maintenant-quest-ce-quon-fait.html]
[sophiehustin.com/index2e64.html]
[sophiehustin.com/peintures/traversee.html]
[sophiehustin.com/wp-content/uploads/2017/09/sohja01-le-choix.jpg]
[sophiehustin.com/sculptures/le-choix.html]
[sophiehustin.com/indexcde3.html]
[sophiehustin.com/sculptures/suspendu.html]
[sophiehustin.com/wp-content/uploads/2017/09/traversée-73x92.jpg]
[sophiehustin.com/peintures/traversee.html]
[sophiehustin.com/index2d8c.html]
[sophiehustin.com/peintures/fourmiliere.html]
[sophiehustin.com/wp-content/uploads/2017/09/suspendu-bronze-.jpg]
[sophiehustin.com/sculptures/suspendu.html]
[sophiehustin.com/index5295.html]
[sophiehustin.com/sculptures/recherche.html]
[sophiehustin.com/wp-content/uploads/2017/09/17-Fourmilière-80X80.jpg]
[sophiehustin.com/peintures/fourmiliere.html]
[sophiehustin.com/index0945.html]
[sophiehustin.com/peintures/pions.html]
[sophiehustin.com/wp-content/uploads/2017/09/RECHERCHE-300dpi-H50xL42xP12.jpg]
[sophiehustin.com/sculptures/recherche.html]
[sophiehustin.com/index3786.html]
[sophiehustin.com/sculptures/serie-a-la-fenetre.html]
[sophiehustin.com/wp-content/uploads/2017/09/pions-150x150.jpg]
[sophiehustin.com/peintures/pions.html]
[sophiehustin.com/index2e25.html]
[sophiehustin.com/peintures/on-sy-attendait.html]
[sophiehustin.com/wp-content/uploads/2017/09/a-la-fenetre-family.jpg]
[sophiehustin.com/sculptures/serie-a-la-fenetre.html]
[sophiehustin.com/indexc61d.html]
[sophiehustin.com/wp-content/uploads/2017/09/ON-SY-ATTENDAIT-2-130x89.jpg]
[sophiehustin.com/peintures/on-sy-attendait.html]
[sophiehustin.com/index42a9.html]
[sophiehustin.com/index8fee.html]
[sophiehustin.com/peintures/home-sweet-home.html]
[sophiehustin.com/wp-content/uploads/2017/09/31-Home-sweet-home-89x116.jpg]
[sophiehustin.com/peintures/home-sweet-home.html]
[sophiehustin.com/index548d.html]
[sophiehustin.com/peintures/point-de-vue.html]
[sophiehustin.com/wp-content/uploads/2017/09/POINT-DE-VUE-195X114.jpg]
[sophiehustin.com/peintures/point-de-vue.html]
[sophiehustin.com/index0c93.html]
[sophiehustin.com/peintures/ressources.html]
[sophiehustin.com/wp-content/uploads/2017/09/1-ressources-113x146.jpg]
[sophiehustin.com/peintures/ressources.html]
[sophiehustin.com/index88a0.html]
[sophiehustin.com/peintures/representation.html]
[sophiehustin.com/wp-content/uploads/2017/09/représentation-89x116.jpg]
[sophiehustin.com/peintures/representation.html]
[sophiehustin.com/indexe513.html]
[sophiehustin.com/peintures/sen-tirer.html]
[sophiehustin.com/wp-content/uploads/2017/09/37-sen-tirer-97x130.jpg]
[sophiehustin.com/peintures/sen-tirer.html]
[sophiehustin.com/indexd89d.html]
[sophiehustin.com/peintures/recherche.html]
[sophiehustin.com/wp-content/uploads/2017/09/RECHERCHE-97X130.jpg]
[sophiehustin.com/peintures/recherche.html]
[sophiehustin.com/indexc544.html]
[sophiehustin.com/peintures/echo.html]
[sophiehustin.com/wp-content/uploads/2017/09/echo-130x97.jpg]
[sophiehustin.com/peintures/echo.html]
[sophiehustin.com/index5ed0.html]
[sophiehustin.com/peintures/rencontres.html]
[sophiehustin.com/wp-content/uploads/2017/09/RENCONTRES-300.jpg]
[sophiehustin.com/peintures/rencontres.html]
[sophiehustin.com/indexd6e1.html]
[sophiehustin.com/peintures/en-sortir.html]
[sophiehustin.com/wp-content/uploads/2017/09/29-En-sortir-89x116.jpg]
[sophiehustin.com/peintures/en-sortir.html]
[sophiehustin.com/indexcf9a.html]
